Resolving Maven dependencies
	Downloading dependencies into C:\Users\Savinu Anusara\Project\Server\open-healthcare-prebuilt-services\miscellaneous\fhir-server\target\platform-libs

Compiling source
	ballerinax/ballerina_fhir_server:2.0.1
WARNING [service.bal:(1450:26,1450:33)] unused variable 'resType'
HINT [service.bal:(6379:5,6379:5)] concurrent calls will not be made to this method since the method is not an 'isolated' method
HINT [service.bal:(10025:5,10025:5)] concurrent calls will not be made to this method since the method is not an 'isolated' method
	warning: Detected conflicting jar files:
		'ballerina-rt-2201.13.1.jar' dependency of 'ballerinax/ballerina_fhir_server' conflict with 'commons-lang3-3.18.0.jar' dependency of 'ballerina/ftp'
		'data.xmldata-native-1.6.0.jar' dependency of 'ballerina/ftp' conflict with 'data.xmldata-native-1.6.1.jar' dependency of 'ballerina/data.xmldata'

Running executable

time=2026-03-13T14:45:47.752+05:30 level=INFO module=ballerinax/ballerina_fhir_server.handlers message="Initializing H2 database provider"
time=2026-03-13T14:45:53.396+05:30 level=INFO module=ballerinax/ballerina_fhir_server.handlers message="Database already exists. Skipping table creation to preserve existing data."
time=2026-03-13T14:45:53.398+05:30 level=INFO module=ballerinax/ballerina_fhir_server message="DB Init Successfully"
time=2026-03-13T14:45:53.400+05:30 level=INFO module=ballerinax/ballerina_fhir_server message="Loading custom profiles from database..."
time=2026-03-13T14:45:53.581+05:30 level=INFO module=ballerinax/ballerina_fhir_server message="Successfully loaded and registered 0 custom profile(s) from database"
time=2026-03-13T14:45:53.583+05:30 level=INFO module=ballerinax/ballerina_fhir_server message="FHIR Server started successfully"
time=2026-03-13T14:46:45.252+05:30 level=WARN module=ballerinax/ballerina_fhir_server.handlers message="Duplicate resource creation attempted: Patient/patient01"
time=2026-03-13T14:46:45.260+05:30 level=ERROR module=ballerinax/ballerina_fhir_server.handlers message="Create transaction failed for Patient: Resource already exists: Patient/patient01. Use PUT to update the resource."
time=2026-03-13T14:46:45.276+05:30 level=WARN module=ballerinax/ballerina_fhir_server.utils message="Rolling back Patient CREATE transaction"
time=2026-03-13T14:46:45.279+05:30 level=ERROR module=ballerinax/ballerina_fhir_server message="Resource save failed: Resource already exists: Patient/patient01. Use PUT to update the resource."
time=2026-03-13T14:47:17.757+05:30 level=WARN module=ballerinax/ballerina_fhir_server.handlers message="Duplicate resource creation attempted: Patient/patient01"
time=2026-03-13T14:47:17.759+05:30 level=ERROR module=ballerinax/ballerina_fhir_server.handlers message="Create transaction failed for Patient: Resource already exists: Patient/patient01. Use PUT to update the resource."
time=2026-03-13T14:47:17.760+05:30 level=WARN module=ballerinax/ballerina_fhir_server.utils message="Rolling back Patient CREATE transaction"
time=2026-03-13T14:47:17.761+05:30 level=ERROR module=ballerinax/ballerina_fhir_server message="Resource save failed: Resource already exists: Patient/patient01. Use PUT to update the resource."
time=2026-03-13T14:47:33.868+05:30 level=ERROR module=ballerinax/ballerina_fhir_server.handlers message="Mapping failed for Patient: Resource must have an \'id\' field when server-generated IDs are disabled"
time=2026-03-13T14:47:33.870+05:30 level=ERROR module=ballerinax/ballerina_fhir_server message="Resource save failed: Resource must have an \'id\' field when server-generated IDs are disabled"
